Command Q2.2 => git clone https://github.com/Thanu1611/Assignment2.git
Command Q2.4 => git branch NewBranch
//This change made in NewBranch
Command Q2.7 => git status 
            output :    On branch Newbranch
                        Changes not staged for commit:
                        (use "git add <file>..." to update what will be committed)
                        (use "git restore <file>..." to discard changes in working directory)
                                modified:   Q2.txtOn branch Newbranch
Command Q2.8 => git add .
Command Q2.9 => git status
            Output :    On branch Newbranch
                        Changes to be committed:
                        (use "git restore --staged <file>..." to unstage)
                                modified:   Q2.txt
Command Q2.10 =>git commit -m "Answers Q2 in NewBranch"




